// Jest Snapshot v1, https://goo.gl/fbAQLP

exports[`match snapshot 1`] = `
<center
  data-testid="test-1"
>
  <h1>
    <strike>
      learn DSA
    </strike>
  </h1>
</center>
`;
